[2026-09-3000:07:39] METHOD: POST /login - STATUS: 400 
[2026-09-3000:07:44] METHOD: POST /signup - STATUS: 201 
[2026-09-3000:07:47] METHOD: POST /login - STATUS: 200 
[2026-09-3000:07:54] METHOD: POST /libros - STATUS: 201 
[2026-09-3000:07:54] METHOD: POST /libros - STATUS: 201 
[2026-09-3000:07:55] METHOD: POST /libros - STATUS: 201 
[2026-09-3000:08:00] METHOD: GET /libros - STATUS: 200 
[2026-09-3000:09:26] METHOD: POST /libros - STATUS: 201 
[2026-09-3000:09:29] METHOD: GET /libros - STATUS: 200 
[2026-09-3000:10:20] METHOD: GET /libros - STATUS: 200 
[2026-09-3000:10:35] METHOD: GET /libros - STATUS: 200 
[2026-09-3000:10:40] METHOD: GET /libros - STATUS: 200 
[2026-09-3000:10:44] METHOD: GET /libros - STATUS: 200 
[2026-09-3000:23:28] METHOD: POST /login - STATUS: 200 
[2026-09-3000:23:38] METHOD: POST /signup - STATUS: 201 
[2026-09-3000:25:21] METHOD: GET /ping - STATUS: 200 
[2026-09-3000:25:21] METHOD: GET /ping - STATUS: 200 
[2026-09-3000:25:22] METHOD: GET /ping - STATUS: 200 
[2026-09-3000:25:22] METHOD: GET /public/ping - STATUS: 429 
[2026-09-3000:25:23] METHOD: GET /public/ping - STATUS: 429 
[2026-09-3000:25:23] METHOD: GET /public/ping - STATUS: 429 
[2026-09-3000:25:24] METHOD: GET /public/ping - STATUS: 429 
[2026-09-3000:25:24] METHOD: GET /public/ping - STATUS: 429 
[2026-09-3000:25:25] METHOD: GET /public/ping - STATUS: 429 
[2026-09-3001:47:40] METHOD: POST /login - STATUS: 400 
[2026-09-3001:47:50] METHOD: POST /signup - STATUS: 400 
[2026-09-3004:43:28] METHOD: GET /ping - STATUS: 200 
[2026-09-3004:43:48] METHOD: POST /signup - STATUS: 500 
[2026-09-3004:46:41] METHOD: POST /signup - STATUS: 500 
[2026-09-3004:50:45] METHOD: POST /signup - STATUS: 201 
[2026-09-3004:53:20] METHOD: POST /login - STATUS: 200 
[2026-09-3004:53:24] METHOD: POST /libros - STATUS: 201 
[2026-09-3005:35:39] METHOD: POST /signup - STATUS: 400 
[2026-09-3005:35:45] METHOD: POST /login - STATUS: 200 
[2026-09-3005:35:49] METHOD: POST /libros - STATUS: 201 
[2026-09-3005:36:45] METHOD: DELETE /libros/6abc9fb41c42fe8c874ac4e0 - STATUS: 200 
[2026-09-3005:43:44] METHOD: POST /signup - STATUS: 500 
[2026-09-3005:44:11] METHOD: POST /signup - STATUS: 201 
[2026-09-3005:44:17] METHOD: POST /login - STATUS: 200 
[2026-09-3005:44:21] METHOD: POST /libros - STATUS: 201 
[2026-09-3005:44:43] METHOD: POST /libros - STATUS: 201 
[2026-09-3005:44:47] METHOD: GET /libros - STATUS: 200 
[2026-09-3005:44:52] METHOD: GET /libros - STATUS: 200 
[2026-09-3005:54:41] METHOD: POST /signup - STATUS: 400 
[2026-09-3005:54:43] METHOD: POST /login - STATUS: 200 
[2026-09-3005:54:45] METHOD: GET /libros - STATUS: 200 
[2026-09-3005:55:03] METHOD: PUT /libros/6abca1b4e74b245a1179ba96 - STATUS: 200 
[2026-09-3005:55:09] METHOD: GET /libros - STATUS: 200 
[2026-09-3005:58:21] METHOD: GET /libros/6abca1b4e74b245a1179ba96 - STATUS: 200 
[2026-09-3006:00:19] METHOD: GET /libros/6abca1b4e74b245a1179ba96 - STATUS: 200 
[2026-09-3006:00:31] METHOD: GET /libros/6abca1b4e74b245a1179ba96 - STATUS: 200 
[2026-09-3006:00:58] METHOD: GET /libros/6abca1b4e74b245a1179ba96 - STATUS: 200 
[2026-09-3006:35:51] METHOD: POST /signup - STATUS: 201 
[2026-09-3006:35:57] METHOD: POST /login - STATUS: 200 
[2026-09-3006:36:02] METHOD: POST /libros - STATUS: 201 
[2026-09-3006:40:17] METHOD: POST /login - STATUS: 200 
[2026-09-3006:49:01] METHOD: POST /signup - STATUS: 400 
[2026-09-3006:49:07] METHOD: POST /login - STATUS: 200 
[2026-09-3006:49:12] METHOD: POST /libros - STATUS: 201 
[2026-09-3006:53:20] METHOD: POST /signup - STATUS: 201 
[2026-09-3006:53:22] METHOD: POST /login - STATUS: 200 
[2026-09-3006:54:22] METHOD: POST /signup - STATUS: 400 
