[2026-09-2904:42:33] METHOD: GET /ping - STATUS: 200 
[2026-09-2904:44:42] METHOD: POST /v1/auth/signup - STATUS: 201 
[2026-09-2904:45:30] METHOD: POST /signup - STATUS: 201 
[2026-09-2904:45:59] METHOD: POST /signup - STATUS: 201 
[2026-09-2904:46:01] METHOD: POST /signup - STATUS: 400 
[2026-09-2904:46:04] METHOD: POST /signup - STATUS: 201 
[2026-09-2905:09:46] METHOD: POST /v1/auth/login - STATUS: 500 
[2026-09-2905:11:06] METHOD: POST /v1/auth/login - STATUS: 500 
[2026-09-2905:11:26] METHOD: POST /v1/auth/login - STATUS: 500 
[2026-09-2905:11:57] METHOD: POST /login - STATUS: 200 
[2026-09-2905:12:11] METHOD: POST /login - STATUS: 200 
[2026-09-2905:12:15] METHOD: POST /login - STATUS: 200 
[2026-09-2905:12:18] METHOD: POST /login - STATUS: 200 
[2026-09-2905:13:32] METHOD: POST /login - STATUS: 200 
[2026-09-2905:13:38] METHOD: POST /login - STATUS: 200 
[2026-09-2905:13:52] METHOD: POST /login - STATUS: 200 
[2026-09-2905:13:54] METHOD: POST /login - STATUS: 200 
[2026-09-2905:16:47] METHOD: POST /login - STATUS: 400 
[2026-09-2905:16:52] METHOD: POST /login - STATUS: 400 
[2026-09-2905:17:00] METHOD: POST /login - STATUS: 400 
[2026-09-2905:17:17] METHOD: POST /login - STATUS: 400 
[2026-09-2905:17:33] METHOD: POST /login - STATUS: 400 
[2026-09-2905:19:02] METHOD: POST /login - STATUS: 400 
[2026-09-2905:19:12] METHOD: POST /login - STATUS: 400 
[2026-09-2905:21:23] METHOD: POST /login - STATUS: 200 
[2026-09-2905:21:27] METHOD: POST /login - STATUS: 400 
[2026-09-2905:35:08] METHOD: POST /login - STATUS: 200 
[2026-09-2905:42:09] METHOD: POST /v1/libros - STATUS: 403 
[2026-09-2905:42:36] METHOD: POST /login - STATUS: 200 
[2026-09-2905:42:47] METHOD: POST /libros - STATUS: 201 
[2026-09-2905:43:21] METHOD: GET /libros - STATUS: 200 
[2026-09-2905:48:19] METHOD: POST /login - STATUS: 200 
[2026-09-2905:48:36] METHOD: GET /libros - STATUS: 200 
[2026-09-2905:48:46] METHOD: POST /libros - STATUS: 201 
[2026-09-2905:49:02] METHOD: POST /libros - STATUS: 201 
[2026-09-2905:49:09] METHOD: POST /libros - STATUS: 201 
[2026-09-2905:49:12] METHOD: GET /libros - STATUS: 200 
[2026-09-2905:49:15] METHOD: GET /libros - STATUS: 200 
[2026-09-2905:53:23] METHOD: GET /libros - STATUS: 200 
[2026-09-2905:53:27] METHOD: POST /libros - STATUS: 201 
[2026-09-2905:53:30] METHOD: GET /libros - STATUS: 200 
[2026-09-2905:54:22] METHOD: POST /libros - STATUS: 201 
[2026-09-2905:54:25] METHOD: GET /libros - STATUS: 200 
[2026-09-2922:49:39] METHOD: POST /signup - STATUS: 400 
[2026-09-2922:49:49] METHOD: POST /signup - STATUS: 201 
[2026-09-2922:50:55] METHOD: POST /v1/libros - STATUS: 403 
[2026-09-2922:51:13] METHOD: POST /login - STATUS: 200 
[2026-09-2922:51:23] METHOD: POST /libros - STATUS: 400 
[2026-09-2922:51:30] METHOD: POST /libros - STATUS: 201 
[2026-09-2922:51:37] METHOD: GET /v1/libros - STATUS: 403 
[2026-09-2922:51:41] METHOD: GET /libros - STATUS: 200 
[2026-09-2922:54:59] METHOD: POST /libros - STATUS: 201 
[2026-09-2922:55:01] METHOD: GET /libros - STATUS: 200 
[2026-09-2922:55:12] METHOD: POST /libros - STATUS: 201 
[2026-09-2922:55:16] METHOD: GET /libros - STATUS: 200 
[2026-09-2922:55:35] METHOD: POST /libros - STATUS: 201 
[2026-09-2922:55:38] METHOD: GET /libros - STATUS: 200 
[2026-09-2923:21:48] METHOD: POST /signup - STATUS: 201 
[2026-09-2923:22:01] METHOD: POST /login - STATUS: 200 
[2026-09-2923:22:16] METHOD: POST /libros - STATUS: 201 
[2026-09-2923:25:22] METHOD: POST /libros - STATUS: 201 
[2026-09-2923:27:14] METHOD: POST /libros - STATUS: 201 
[2026-09-2923:39:05] METHOD: GET /libros - STATUS: 200 
[2026-09-2923:39:20] METHOD: GET /ping - STATUS: 200 
[2026-09-2923:39:40] METHOD: POST /login - STATUS: 400 
[2026-09-2923:39:47] METHOD: POST /signup - STATUS: 201 
[2026-09-2923:39:54] METHOD: POST /login - STATUS: 200 
[2026-09-2923:41:22] METHOD: POST /login - STATUS: 200 
[2026-09-2923:41:29] METHOD: GET /libros - STATUS: 200 
[2026-09-2923:46:09] METHOD: DELETE /libros/1 - STATUS: 204 
[2026-09-2923:46:24] METHOD: POST /libros - STATUS: 201 
[2026-09-2923:46:29] METHOD: DELETE /libros/2 - STATUS: 204 
[2026-09-2923:47:23] METHOD: DELETE /libros/2 - STATUS: 404 
[2026-09-2923:47:31] METHOD: POST /libros - STATUS: 201 
[2026-09-2923:47:36] METHOD: DELETE /libros/3 - STATUS: 204 
[2026-09-2923:47:46] METHOD: GET /libros - STATUS: 200 
[2026-09-2923:48:02] METHOD: POST /signup - STATUS: 400 
[2026-09-2923:48:05] METHOD: POST /login - STATUS: 200 
[2026-09-2923:48:08] METHOD: GET /libros - STATUS: 200 
[2026-09-2923:48:11] METHOD: POST /libros - STATUS: 201 
[2026-09-2923:48:15] METHOD: DELETE /libros/3 - STATUS: 404 
[2026-09-2923:48:19] METHOD: DELETE /libros/4 - STATUS: 204 
[2026-09-2923:50:32] METHOD: POST /libros - STATUS: 201 
[2026-09-2923:51:07] METHOD: GET /libros/5 - STATUS: 200 
[2026-09-2923:55:00] METHOD: POST /signup - STATUS: 201 
[2026-09-2923:55:03] METHOD: POST /login - STATUS: 200 
[2026-09-2923:55:07] METHOD: GET /libros/5 - STATUS: 404 
[2026-09-2923:55:11] METHOD: GET /libros - STATUS: 200 
[2026-09-2923:55:14] METHOD: POST /libros - STATUS: 201 
[2026-09-2923:55:34] METHOD: PUT /libros/1 - STATUS: 200 
[2026-09-2923:55:38] METHOD: GET /libros/5 - STATUS: 404 
[2026-09-2923:55:46] METHOD: GET /libros - STATUS: 200 
